============================= test session starts =============================
platform win32 -- Python 3.14.0, pytest-9.1.1, pluggy-1.6.0 -- C:\Python314\python.exe
cachedir: .pytest_cache
rootdir: C:\Users\RiturajJha\Documents\AI Project\customer-support-agentcore
plugins: anyio-4.13.0, langsmith-0.8.5
collecting ... collected 10 items

src/tests/test_agentcore_contract.py::test_ping_returns_healthy PASSED   [ 10%]
src/tests/test_agentcore_contract.py::test_invocations_product_query PASSED [ 20%]
src/tests/test_agentcore_contract.py::test_invocations_refund_below_threshold PASSED [ 30%]
src/tests/test_agentcore_contract.py::test_invocations_refund_above_threshold PASSED [ 40%]
src/tests/test_agentcore_contract.py::test_resume_approval_through_invocations PASSED [ 50%]
src/tests/test_agentcore_contract.py::test_interrupt_payload_structure FAILED [ 60%]
src/tests/test_graph_flow.py::test_refund_flow_interrupts_for_approval PASSED [ 70%]
src/tests/test_validation.py::test_refund_requires_order_id PASSED       [ 80%]
src/tests/test_validation.py::test_account_access_accepts_email PASSED   [ 90%]
src/tests/test_validation.py::test_technical_support_accepts_product_name_from_metadata PASSED [100%]

================================== FAILURES ===================================
______________________ test_interrupt_payload_structure _______________________

    def test_interrupt_payload_structure():
        with _client() as client:
            response = client.post(
                "/invocations",
                json={
                    "session_id": "demo-refund-hi-3",
                    "user_id": "user-3",
                    "message": "Refund order ORDER111 for $500",
                    "request_metadata": {"order_id": "ORDER111", "refund_amount": 500},
                },
            )
    
        assert response.status_code == 200
        payload = response.json()
        interrupt = payload["interrupt"]
        assert isinstance(interrupt, dict)
        assert interrupt.get("type") == "human_approval_required"
>       assert interrupt.get("thread_id") == "demo-refund-hi-3"
E       AssertionError: assert None == 'demo-refund-hi-3'
E        +  where None = <built-in method get of dict object at 0x00000205E2B2BF80>('thread_id')
E        +    where <built-in method get of dict object at 0x00000205E2B2BF80> = {'type': 'human_approval_required', 'reason': 'Refund exceeds approval threshold', 'order_id': 'ORDER111', 'refund_amount': 500.0, 'instructions': 'Resume workflow with decision: approve or reject'}.get

src\tests\test_agentcore_contract.py:215: AssertionError
============================== warnings summary ===============================
..\..\..\AppData\Roaming\Python\Python314\site-packages\fastapi\testclient.py:1
  C:\Users\RiturajJha\AppData\Roaming\Python\Python314\site-packages\fastapi\testclient.py:1: StarletteDeprecationWarning: Using `httpx` with `starlette.testclient` is deprecated; install `httpx2` instead.
    from starlette.testclient import TestClient as TestClient  # noqa

-- Docs: https://docs.pytest.org/en/stable/how-to/capture-warnings.html
=========================== short test summary info ===========================
FAILED src/tests/test_agentcore_contract.py::test_interrupt_payload_structure - AssertionError: assert None == 'demo-refund-hi-3'
 +  where None = <built-in method get of dict object at 0x00000205E2B2BF80>('thread_id')
 +    where <built-in method get of dict object at 0x00000205E2B2BF80> = {'type': 'human_approval_required', 'reason': 'Refund exceeds approval threshold', 'order_id': 'ORDER111', 'refund_amount': 500.0, 'instructions': 'Resume workflow with decision: approve or reject'}.get
=================== 1 failed, 9 passed, 1 warning in 12.68s ===================
